---
source: src/parser.rs
expression: "parse(\" ( (arst))\")"
---
Ok(
    [
        Call(
            [
                Call(
                    [
                        Var(
                            "arst",
                        ),
                    ],
                ),
            ],
        ),
    ],
)
