---
source: src/parser.rs
expression: "parse(\"   (arstarst arst arst)\")"
---
Ok(
    [
        Call(
            [
                Var(
                    "arstarst",
                ),
                Var(
                    "arst",
                ),
                Var(
                    "arst",
                ),
            ],
        ),
    ],
)
