---
source: src/parser.rs
expression: "parse(\"(this-is-a-test \\\"RST\\\" #aaaaaa)\")"
---
Ok(
    [
        Call(
            [
                Var(
                    "this-is-a-test",
                    1..15,
                ),
                StringLiteral(
                    "RST",
                    16..21,
                ),
                ColorLiteral(
                    "aaaaaa",
                    22..29,
                ),
            ],
            0..30,
        ),
    ],
)
