---
source: src/parser.rs
expression: "parse(\"((:)(:))\")"
---
Ok(
    [
        Call(
            [
                Call(
                    [
                        Var(
                            ":",
                        ),
                    ],
                ),
                Call(
                    [
                        Var(
                            ":",
                        ),
                    ],
                ),
            ],
        ),
    ],
)
