---
source: src/parser.rs
expression: "parse(\" ( (arst))\")"
---
Ok(
    [
        Call(
            [
                Call(
                    [
                        Var(
                            "arst",
                            4..8,
                        ),
                    ],
                    3..9,
                ),
            ],
            1..10,
        ),
    ],
)
