---
source: src/parser.rs
expression: "parse(\"   (arstarst arst arst)\")"
---
Ok(
    [
        Call(
            [
                Var(
                    "arstarst",
                    4..12,
                ),
                Var(
                    "arst",
                    13..17,
                ),
                Var(
                    "arst",
                    18..22,
                ),
            ],
            3..23,
        ),
    ],
)
